# name: test_parse_json
  <class 'dict'> {
    'proxy': <class 'dict'> {
      'IP': '10.1.2.3',
      'Port': 8080,
    },
    'way': 0,
  }
---
# name: test_parse_key_value_table
  <class 'dict'> {
    'General': <class 'dict'> {
      'LocalNo': '8',
      'LockLoginEnable': 'true',
      'LockLoginTimes': '30',
      'LoginFailLockTime': '300',
      'MachineName': 'AMC05820_4FEB51',
      'MaxOnlineTime': '3600',
    },
  }
---
# name: test_parse_key_value_with_array
  <class 'dict'> {
    'Snap': <class 'dict'> {
      0: <class 'dict'> {
        'HolidayEnable': 'false',
        'TimeSection': <class 'dict'> {
          0: <class 'dict'> {
            0: '6 00:00:00-23:59:59',
            1: '0 00:00:00-23:59:59',
            2: '0 00:00:00-23:59:59',
            3: '0 00:00:00-23:59:59',
            4: '0 00:00:00-23:59:59',
            5: '0 00:00:00-23:59:59',
          },
          1: <class 'dict'> {
            0: '6 00:00:00-23:59:59',
            1: '0 00:00:00-23:59:59',
            2: '0 00:00:00-23:59:59',
            3: '0 00:00:00-23:59:59',
            4: '0 00:00:00-23:59:59',
            5: '0 00:00:00-23:59:59',
          },
          2: <class 'dict'> {
            0: '6 00:00:00-23:59:59',
            1: '0 00:00:00-23:59:59',
            2: '0 00:00:00-23:59:59',
            3: '0 00:00:00-23:59:59',
            4: '0 00:00:00-23:59:59',
            5: '0 00:00:00-23:59:59',
          },
          3: <class 'dict'> {
            0: '6 00:00:00-23:59:59',
            1: '0 00:00:00-23:59:59',
            2: '0 00:00:00-23:59:59',
            3: '0 00:00:00-23:59:59',
            4: '0 00:00:00-23:59:59',
            5: '0 00:00:00-23:59:59',
          },
          4: <class 'dict'> {
            0: '6 00:00:00-23:59:59',
            1: '0 00:00:00-23:59:59',
            2: '0 00:00:00-23:59:59',
            3: '0 00:00:00-23:59:59',
            4: '0 00:00:00-23:59:59',
            5: '0 00:00:00-23:59:59',
          },
          5: <class 'dict'> {
            0: '6 00:00:00-23:59:59',
            1: '0 00:00:00-23:59:59',
            2: '0 00:00:00-23:59:59',
            3: '0 00:00:00-23:59:59',
            4: '0 00:00:00-23:59:59',
            5: '0 00:00:00-23:59:59',
          },
          6: <class 'dict'> {
            0: '6 00:00:00-23:59:59',
            1: '0 00:00:00-23:59:59',
            2: '0 00:00:00-23:59:59',
            3: '0 00:00:00-23:59:59',
            4: '0 00:00:00-23:59:59',
            5: '0 00:00:00-23:59:59',
          },
          7: <class 'dict'> {
            0: '6 00:00:00-23:59:59',
            1: '0 00:00:00-23:59:59',
            2: '0 00:00:00-23:59:59',
            3: '0 00:00:00-23:59:59',
            4: '0 00:00:00-23:59:59',
            5: '0 00:00:00-23:59:59',
          },
        },
      },
    },
  }
---
